19:11:03 **** Incremental Build of configuration Debug for project Nucleo 2 ****
make -j12 all 
arm-none-eabi-gcc "../Core/Src/freertos.c" -mcpu=cortex-m4 -std=gnu11 -g3 -DDEBUG -DUSE_HAL_DRIVER -DSTM32F411xE -c -I../Core/Inc -I../Drivers/STM32F4xx_HAL_Driver/Inc -I../Drivers/STM32F4xx_HAL_Driver/Inc/Legacy -I../Drivers/CMSIS/Device/ST/STM32F4xx/Include -I../Drivers/CMSIS/Include -I../Middlewares/Third_Party/FreeRTOS/Source/include -I../Middlewares/Third_Party/FreeRTOS/Source/CMSIS_RTOS_V2 -I../Middlewares/Third_Party/FreeRTOS/Source/portable/GCC/ARM_CM4F -O0 -ffunction-sections -fdata-sections -Wall -fstack-usage -fcyclomatic-complexity -MMD -MP -MF"Core/Src/freertos.d" -MT"Core/Src/freertos.o" --specs=nano.specs -mfpu=fpv4-sp-d16 -mfloat-abi=hard -mthumb -o "Core/Src/freertos.o"
arm-none-eabi-gcc -o "Nucleo 2.elf" @"objects.list"   -mcpu=cortex-m4 -T"C:\Users\omark\OneDrive\Desktop\Nucleo 2\Nucleo 2\Nucleo 2\STM32F411RETX_FLASH.ld" --specs=nosys.specs -Wl,-Map="Nucleo 2.map" -Wl,--gc-sections -static -u _printf_float --specs=nano.specs -mfpu=fpv4-sp-d16 -mfloat-abi=hard -mthumb -Wl,--start-group -lc -lm -Wl,--end-group
Finished building target: Nucleo 2.elf
 
arm-none-eabi-size  Nucleo\ 2.elf 
arm-none-eabi-objdump -h -S Nucleo\ 2.elf  > "Nucleo 2.list"
   text	   data	    bss	    dec	    hex	filename
  55016	    484	  21332	  76832	  12c20	Nucleo 2.elf
Finished building: default.size.stdout
 
Finished building: Nucleo 2.list
 

19:11:06 Build Finished. 0 errors, 0 warnings. (took 3s.655ms)

