../Core/Src/freertos.c:240:6:MX_FREERTOS_Init	40	static
../Core/Src/freertos.c:265:6:UART_Task	72	static
../Core/Src/freertos.c:279:6:SPI_EEPROM_Task	128	static
../Core/Src/freertos.c:336:6:Calibration_Task	152	static
../Core/Src/freertos.c:378:6:Calculate_Physical_Values	4	static
../Core/Src/freertos.c:399:10:Calculate_Checksum	24	static
../Core/Src/freertos.c:413:19:SPI_EEPROM_ReadByte	88	static
../Core/Src/freertos.c:455:19:SPI_EEPROM_WriteByte	88	static
../Core/Src/freertos.c:497:19:SPI_EEPROM_ReadAll	1104	static
../Core/Src/freertos.c:540:19:SPI_EEPROM_WriteAll	1104	static
../Core/Src/freertos.c:588:6:i2_handle_seatstatus	160	static
../Core/Src/freertos.c:642:6:i2cTask	144	static
../Core/Src/freertos.c:682:6:SwitchModeTask	80	static
../Core/Src/freertos.c:708:6:AdcHeightTask	88	static
../Core/Src/freertos.c:731:6:AdcSlideTask	88	static
../Core/Src/freertos.c:754:6:AdcInclineTask	88	static
../Core/Src/freertos.c:777:6:Buttons_ReadTask_highmode	152	static
../Core/Src/freertos.c:848:6:Buttons_ReadTask_Lowmode	160	static
../Core/Src/freertos.c:921:10:Read_ADC_Channel	40	static
../Core/Src/freertos.c:940:6:FSM_Task	40	static
